// Jest Snapshot v1, https://goo.gl/fbAQLP

exports[`<Checkbox /> renders correctly 1`] = `
<div
  className="Count"
>
  <p
    className="Count__Text"
  >
    There is
     
    <span
      className="purple"
    >
       
      file
    </span>
     
    you can delete from your workspace.
  </p>
  <p
    className="Count__Text"
  >
    Here is
     
    0
     worth
     
    <span
      className="red"
    >
      0 Bytes
    </span>
  </p>
</div>
`;
